---
source: libfudge/src/scanner/test/mod.rs
assertion_line: 23
expression: "&scanner_result.tokens"
---
[
    Token {
        tokentype: Identifier,
        source_span: SourceSpan {
            pos: 0,
            len: 3,
        },
    },
    Token {
        tokentype: OpeningParenthesis,
        source_span: SourceSpan {
            pos: 3,
            len: 1,
        },
    },
    Token {
        tokentype: Identifier,
        source_span: SourceSpan {
            pos: 4,
            len: 5,
        },
    },
    Token {
        tokentype: Comma,
        source_span: SourceSpan {
            pos: 9,
            len: 1,
        },
    },
    Token {
        tokentype: Identifier,
        source_span: SourceSpan {
            pos: 11,
            len: 7,
        },
    },
    Token {
        tokentype: ClosingParenthesis,
        source_span: SourceSpan {
            pos: 18,
            len: 1,
        },
    },
    Token {
        tokentype: Comment,
        source_span: SourceSpan {
            pos: 20,
            len: 10,
        },
    },
    Token {
        tokentype: LineBreak,
        source_span: SourceSpan {
            pos: 30,
            len: 1,
        },
    },
    Token {
        tokentype: Identifier,
        source_span: SourceSpan {
            pos: 31,
            len: 3,
        },
    },
    Token {
        tokentype: OpeningParenthesis,
        source_span: SourceSpan {
            pos: 34,
            len: 1,
        },
    },
    Token {
        tokentype: Identifier,
        source_span: SourceSpan {
            pos: 35,
            len: 5,
        },
    },
    Token {
        tokentype: Comma,
        source_span: SourceSpan {
            pos: 40,
            len: 1,
        },
    },
    Token {
        tokentype: Comment,
        source_span: SourceSpan {
            pos: 41,
            len: 18,
        },
    },
    Token {
        tokentype: Identifier,
        source_span: SourceSpan {
            pos: 60,
            len: 5,
        },
    },
    Token {
        tokentype: ClosingParenthesis,
        source_span: SourceSpan {
            pos: 65,
            len: 1,
        },
    },
    Token {
        tokentype: LineBreak,
        source_span: SourceSpan {
            pos: 66,
            len: 1,
        },
    },
    Token {
        tokentype: LineBreak,
        source_span: SourceSpan {
            pos: 67,
            len: 1,
        },
    },
    Token {
        tokentype: Comment,
        source_span: SourceSpan {
            pos: 68,
            len: 275,
        },
    },
    Token {
        tokentype: LineBreak,
        source_span: SourceSpan {
            pos: 343,
            len: 1,
        },
    },
    Token {
        tokentype: Identifier,
        source_span: SourceSpan {
            pos: 344,
            len: 3,
        },
    },
    Token {
        tokentype: OpeningParenthesis,
        source_span: SourceSpan {
            pos: 347,
            len: 1,
        },
    },
    Token {
        tokentype: Identifier,
        source_span: SourceSpan {
            pos: 348,
            len: 7,
        },
    },
    Token {
        tokentype: Comma,
        source_span: SourceSpan {
            pos: 355,
            len: 1,
        },
    },
    Token {
        tokentype: Identifier,
        source_span: SourceSpan {
            pos: 357,
            len: 5,
        },
    },
    Token {
        tokentype: ClosingParenthesis,
        source_span: SourceSpan {
            pos: 362,
            len: 1,
        },
    },
    Token {
        tokentype: LineBreak,
        source_span: SourceSpan {
            pos: 363,
            len: 1,
        },
    },
    Token {
        tokentype: Comment,
        source_span: SourceSpan {
            pos: 364,
            len: 16,
        },
    },
]
