---
source: libfudge/src/scanner/test/mod.rs
assertion_line: 23
expression: "&scanner_result.tokens"
---
[
    Token {
        tokentype: Identifier,
        source_span: SourceSpan {
            pos: 0,
            len: 5,
        },
    },
    Token {
        tokentype: Comma,
        source_span: SourceSpan {
            pos: 5,
            len: 1,
        },
    },
    Token {
        tokentype: Identifier,
        source_span: SourceSpan {
            pos: 7,
            len: 7,
        },
    },
    Token {
        tokentype: Dot,
        source_span: SourceSpan {
            pos: 14,
            len: 1,
        },
    },
    Token {
        tokentype: Comment,
        source_span: SourceSpan {
            pos: 16,
            len: 10,
        },
    },
    Token {
        tokentype: LineBreak,
        source_span: SourceSpan {
            pos: 26,
            len: 1,
        },
    },
    Token {
        tokentype: Identifier,
        source_span: SourceSpan {
            pos: 27,
            len: 5,
        },
    },
    Token {
        tokentype: Comment,
        source_span: SourceSpan {
            pos: 32,
            len: 18,
        },
    },
    Token {
        tokentype: Identifier,
        source_span: SourceSpan {
            pos: 50,
            len: 5,
        },
    },
    Token {
        tokentype: Comma,
        source_span: SourceSpan {
            pos: 55,
            len: 1,
        },
    },
    Token {
        tokentype: LineBreak,
        source_span: SourceSpan {
            pos: 56,
            len: 1,
        },
    },
    Token {
        tokentype: LineBreak,
        source_span: SourceSpan {
            pos: 57,
            len: 1,
        },
    },
    Token {
        tokentype: Comment,
        source_span: SourceSpan {
            pos: 58,
            len: 275,
        },
    },
    Token {
        tokentype: LineBreak,
        source_span: SourceSpan {
            pos: 333,
            len: 1,
        },
    },
    Token {
        tokentype: Identifier,
        source_span: SourceSpan {
            pos: 334,
            len: 7,
        },
    },
    Token {
        tokentype: Comma,
        source_span: SourceSpan {
            pos: 341,
            len: 1,
        },
    },
    Token {
        tokentype: Identifier,
        source_span: SourceSpan {
            pos: 345,
            len: 5,
        },
    },
    Token {
        tokentype: Dot,
        source_span: SourceSpan {
            pos: 350,
            len: 1,
        },
    },
    Token {
        tokentype: LineBreak,
        source_span: SourceSpan {
            pos: 351,
            len: 1,
        },
    },
    Token {
        tokentype: Comment,
        source_span: SourceSpan {
            pos: 352,
            len: 16,
        },
    },
]
